Archive member included to satisfy reference by file (symbol)

c:/st/stm32cubeide_1.10.0/stm32cubeide/plugins/com.st.stm32cube.ide.mcu.externaltools.gnu-tools-for-stm32.10.3-2021.10.win32_1.0.0.202111181127/tools/bin/../lib/gcc/arm-none-eabi/10.3.1/../../../../arm-none-eabi/lib/thumb/v7e-m+fp/hard\libc_nano.a(lib_a-errno.o)
                              ./Core/Src/syscalls.o (__errno)
c:/st/stm32cubeide_1.10.0/stm32cubeide/plugins/com.st.stm32cube.ide.mcu.externaltools.gnu-tools-for-stm32.10.3-2021.10.win32_1.0.0.202111181127/tools/bin/../lib/gcc/arm-none-eabi/10.3.1/../../../../arm-none-eabi/lib/thumb/v7e-m+fp/hard\libc_nano.a(lib_a-exit.o)
                              c:/st/stm32cubeide_1.10.0/stm32cubeide/plugins/com.st.stm32cube.ide.mcu.externaltools.gnu-tools-for-stm32.10.3-2021.10.win32_1.0.0.202111181127/tools/bin/../lib/gcc/arm-none-eabi/10.3.1/../../../../arm-none-eabi/lib/thumb/v7e-m+fp/hard/crt0.o (exit)
c:/st/stm32cubeide_1.10.0/stm32cubeide/plugins/com.st.stm32cube.ide.mcu.externaltools.gnu-tools-for-stm32.10.3-2021.10.win32_1.0.0.202111181127/tools/bin/../lib/gcc/arm-none-eabi/10.3.1/../../../../arm-none-eabi/lib/thumb/v7e-m+fp/hard\libc_nano.a(lib_a-impure.o)
                              c:/st/stm32cubeide_1.10.0/stm32cubeide/plugins/com.st.stm32cube.ide.mcu.externaltools.gnu-tools-for-stm32.10.3-2021.10.win32_1.0.0.202111181127/tools/bin/../lib/gcc/arm-none-eabi/10.3.1/../../../../arm-none-eabi/lib/thumb/v7e-m+fp/hard\libc_nano.a(lib_a-exit.o) (_global_impure_ptr)
c:/st/stm32cubeide_1.10.0/stm32cubeide/plugins/com.st.stm32cube.ide.mcu.externaltools.gnu-tools-for-stm32.10.3-2021.10.win32_1.0.0.202111181127/tools/bin/../lib/gcc/arm-none-eabi/10.3.1/../../../../arm-none-eabi/lib/thumb/v7e-m+fp/hard\libc_nano.a(lib_a-init.o)
                              c:/st/stm32cubeide_1.10.0/stm32cubeide/plugins/com.st.stm32cube.ide.mcu.externaltools.gnu-tools-for-stm32.10.3-2021.10.win32_1.0.0.202111181127/tools/bin/../lib/gcc/arm-none-eabi/10.3.1/../../../../arm-none-eabi/lib/thumb/v7e-m+fp/hard/crt0.o (__libc_init_array)
c:/st/stm32cubeide_1.10.0/stm32cubeide/plugins/com.st.stm32cube.ide.mcu.externaltools.gnu-tools-for-stm32.10.3-2021.10.win32_1.0.0.202111181127/tools/bin/../lib/gcc/arm-none-eabi/10.3.1/../../../../arm-none-eabi/lib/thumb/v7e-m+fp/hard\libc_nano.a(lib_a-memset.o)
                              c:/st/stm32cubeide_1.10.0/stm32cubeide/plugins/com.st.stm32cube.ide.mcu.externaltools.gnu-tools-for-stm32.10.3-2021.10.win32_1.0.0.202111181127/tools/bin/../lib/gcc/arm-none-eabi/10.3.1/../../../../arm-none-eabi/lib/thumb/v7e-m+fp/hard/crt0.o (memset)
c:/st/stm32cubeide_1.10.0/stm32cubeide/plugins/com.st.stm32cube.ide.mcu.externaltools.gnu-tools-for-stm32.10.3-2021.10.win32_1.0.0.202111181127/tools/bin/../lib/gcc/arm-none-eabi/10.3.1/../../../../arm-none-eabi/lib/thumb/v7e-m+fp/hard\libc_nano.a(lib_a-strcmp.o)
                              ./Core/OTALib/UART.o (strcmp)
c:/st/stm32cubeide_1.10.0/stm32cubeide/plugins/com.st.stm32cube.ide.mcu.externaltools.gnu-tools-for-stm32.10.3-2021.10.win32_1.0.0.202111181127/tools/bin/../lib/gcc/arm-none-eabi/10.3.1/../../../../arm-none-eabi/lib/thumb/v7e-m+fp/hard\libc_nano.a(lib_a-strlen.o)
                              ./Core/OTALib/UART.o (strlen)
c:/st/stm32cubeide_1.10.0/stm32cubeide/plugins/com.st.stm32cube.ide.mcu.externaltools.gnu-tools-for-stm32.10.3-2021.10.win32_1.0.0.202111181127/tools/bin/../lib/gcc/arm-none-eabi/10.3.1/thumb/v7e-m+fp/hard\libgcc.a(_aeabi_uldivmod.o)
                              ./Drivers/STM32F4xx_HAL_Driver/Src/stm32f4xx_hal_rcc.o (__aeabi_uldivmod)
c:/st/stm32cubeide_1.10.0/stm32cubeide/plugins/com.st.stm32cube.ide.mcu.externaltools.gnu-tools-for-stm32.10.3-2021.10.win32_1.0.0.202111181127/tools/bin/../lib/gcc/arm-none-eabi/10.3.1/thumb/v7e-m+fp/hard\libgcc.a(_udivmoddi4.o)
                              c:/st/stm32cubeide_1.10.0/stm32cubeide/plugins/com.st.stm32cube.ide.mcu.externaltools.gnu-tools-for-stm32.10.3-2021.10.win32_1.0.0.202111181127/tools/bin/../lib/gcc/arm-none-eabi/10.3.1/thumb/v7e-m+fp/hard\libgcc.a(_aeabi_uldivmod.o) (__udivmoddi4)
c:/st/stm32cubeide_1.10.0/stm32cubeide/plugins/com.st.stm32cube.ide.mcu.externaltools.gnu-tools-for-stm32.10.3-2021.10.win32_1.0.0.202111181127/tools/bin/../lib/gcc/arm-none-eabi/10.3.1/thumb/v7e-m+fp/hard\libgcc.a(_dvmd_tls.o)
                              c:/st/stm32cubeide_1.10.0/stm32cubeide/plugins/com.st.stm32cube.ide.mcu.externaltools.gnu-tools-for-stm32.10.3-2021.10.win32_1.0.0.202111181127/tools/bin/../lib/gcc/arm-none-eabi/10.3.1/thumb/v7e-m+fp/hard\libgcc.a(_aeabi_uldivmod.o) (__aeabi_ldiv0)

Discarded input sections

 .text          0x0000000000000000        0x0 c:/st/stm32cubeide_1.10.0/stm32cubeide/plugins/com.st.stm32cube.ide.mcu.externaltools.gnu-tools-for-stm32.10.3-2021.10.win32_1.0.0.202111181127/tools/bin/../lib/gcc/arm-none-eabi/10.3.1/thumb/v7e-m+fp/hard/crti.o
[...]
Memory Configuration

Name             Origin             Length             Attributes
CCMRAM           0x0000000010000000 0x0000000000010000 xrw
RAM              0x0000000020000000 0x0000000000020000 xrw
FLASH            0x0000000008000000 0x0000000000008000 xr
*default*        0x0000000000000000 0xffffffffffffffff

Linker script and memory map

LOAD c:/st/stm32cubeide_1.10.0/stm32cubeide/plugins/com.st.stm32cube.ide.mcu.externaltools.gnu-tools-for-stm32.10.3-2021.10.win32_1.0.0.202111181127/tools/bin/../lib/gcc/arm-none-eabi/10.3.1/thumb/v7e-m+fp/hard/crti.o
LOAD c:/st/stm32cubeide_1.10.0/stm32cubeide/plugins/com.st.stm32cube.ide.mcu.externaltools.gnu-tools-for-stm32.10.3-2021.10.win32_1.0.0.202111181127/tools/bin/../lib/gcc/arm-none-eabi/10.3.1/thumb/v7e-m+fp/hard/crtbegin.o
LOAD c:/st/stm32cubeide_1.10.0/stm32cubeide/plugins/com.st.stm32cube.ide.mcu.externaltools.gnu-tools-for-stm32.10.3-2021.10.win32_1.0.0.202111181127/tools/bin/../lib/gcc/arm-none-eabi/10.3.1/../../../../arm-none-eabi/lib/thumb/v7e-m+fp/hard/crt0.o
LOAD ./Core/OTALib/Flash.o
LOAD ./Core/OTALib/Global.o
LOAD ./Core/OTALib/OTA.o
LOAD ./Core/OTALib/UART.o
LOAD ./Core/Src/main.o
LOAD ./Core/Src/stm32f4xx_hal_msp.o
LOAD ./Core/Src/stm32f4xx_it.o
LOAD ./Core/Src/syscalls.o
LOAD ./Core/Src/sysmem.o
LOAD ./Core/Src/system_stm32f4xx.o
LOAD ./Core/Startup/startup_stm32f407vgtx.o
LOAD ./Drivers/STM32F4xx_HAL_Driver/Src/stm32f4xx_hal.o
LOAD ./Drivers/STM32F4xx_HAL_Driver/Src/stm32f4xx_hal_cortex.o
LOAD ./Drivers/STM32F4xx_HAL_Driver/Src/stm32f4xx_hal_dma.o
LOAD ./Drivers/STM32F4xx_HAL_Driver/Src/stm32f4xx_hal_dma_ex.o
LOAD ./Drivers/STM32F4xx_HAL_Driver/Src/stm32f4xx_hal_exti.o
LOAD ./Drivers/STM32F4xx_HAL_Driver/Src/stm32f4xx_hal_flash.o
LOAD ./Drivers/STM32F4xx_HAL_Driver/Src/stm32f4xx_hal_flash_ex.o
LOAD ./Drivers/STM32F4xx_HAL_Driver/Src/stm32f4xx_hal_flash_ramfunc.o
LOAD ./Drivers/STM32F4xx_HAL_Driver/Src/stm32f4xx_hal_gpio.o
LOAD ./Drivers/STM32F4xx_HAL_Driver/Src/stm32f4xx_hal_pwr.o
LOAD ./Drivers/STM32F4xx_HAL_Driver/Src/stm32f4xx_hal_pwr_ex.o
LOAD ./Drivers/STM32F4xx_HAL_Driver/Src/stm32f4xx_hal_rcc.o
LOAD ./Drivers/STM32F4xx_HAL_Driver/Src/stm32f4xx_hal_rcc_ex.o
LOAD ./Drivers/STM32F4xx_HAL_Driver/Src/stm32f4xx_hal_uart.o
START GROUP
LOAD c:/st/stm32cubeide_1.10.0/stm32cubeide/plugins/com.st.stm32cube.ide.mcu.externaltools.gnu-tools-for-stm32.10.3-2021.10.win32_1.0.0.202111181127/tools/bin/../lib/gcc/arm-none-eabi/10.3.1/../../../../arm-none-eabi/lib/thumb/v7e-m+fp/hard\libc_nano.a
LOAD c:/st/stm32cubeide_1.10.0/stm32cubeide/plugins/com.st.stm32cube.ide.mcu.externaltools.gnu-tools-for-stm32.10.3-2021.10.win32_1.0.0.202111181127/tools/bin/../lib/gcc/arm-none-eabi/10.3.1/../../../../arm-none-eabi/lib/thumb/v7e-m+fp/hard\libm.a
END GROUP
START GROUP
LOAD c:/st/stm32cubeide_1.10.0/stm32cubeide/plugins/com.st.stm32cube.ide.mcu.externaltools.gnu-tools-for-stm32.10.3-2021.10.win32_1.0.0.202111181127/tools/bin/../lib/gcc/arm-none-eabi/10.3.1/thumb/v7e-m+fp/hard\libgcc.a
LOAD c:/st/stm32cubeide_1.10.0/stm32cubeide/plugins/com.st.stm32cube.ide.mcu.externaltools.gnu-tools-for-stm32.10.3-2021.10.win32_1.0.0.202111181127/tools/bin/../lib/gcc/arm-none-eabi/10.3.1/../../../../arm-none-eabi/lib/thumb/v7e-m+fp/hard\libc_nano.a
END GROUP
START GROUP
LOAD c:/st/stm32cubeide_1.10.0/stm32cubeide/plugins/com.st.stm32cube.ide.mcu.externaltools.gnu-tools-for-stm32.10.3-2021.10.win32_1.0.0.202111181127/tools/bin/../lib/gcc/arm-none-eabi/10.3.1/thumb/v7e-m+fp/hard\libgcc.a
LOAD c:/st/stm32cubeide_1.10.0/stm32cubeide/plugins/com.st.stm32cube.ide.mcu.externaltools.gnu-tools-for-stm32.10.3-2021.10.win32_1.0.0.202111181127/tools/bin/../lib/gcc/arm-none-eabi/10.3.1/../../../../arm-none-eabi/lib/thumb/v7e-m+fp/hard\libc_nano.a
LOAD c:/st/stm32cubeide_1.10.0/stm32cubeide/plugins/com.st.stm32cube.ide.mcu.externaltools.gnu-tools-for-stm32.10.3-2021.10.win32_1.0.0.202111181127/tools/bin/../lib/gcc/arm-none-eabi/10.3.1/../../../../arm-none-eabi/lib/thumb/v7e-m+fp/hard\libnosys.a
END GROUP
START GROUP
LOAD c:/st/stm32cubeide_1.10.0/stm32cubeide/plugins/com.st.stm32cube.ide.mcu.externaltools.gnu-tools-for-stm32.10.3-2021.10.win32_1.0.0.202111181127/tools/bin/../lib/gcc/arm-none-eabi/10.3.1/thumb/v7e-m+fp/hard\libgcc.a
LOAD c:/st/stm32cubeide_1.10.0/stm32cubeide/plugins/com.st.stm32cube.ide.mcu.externaltools.gnu-tools-for-stm32.10.3-2021.10.win32_1.0.0.202111181127/tools/bin/../lib/gcc/arm-none-eabi/10.3.1/../../../../arm-none-eabi/lib/thumb/v7e-m+fp/hard\libc_nano.a
LOAD c:/st/stm32cubeide_1.10.0/stm32cubeide/plugins/com.st.stm32cube.ide.mcu.externaltools.gnu-tools-for-stm32.10.3-2021.10.win32_1.0.0.202111181127/tools/bin/../lib/gcc/arm-none-eabi/10.3.1/../../../../arm-none-eabi/lib/thumb/v7e-m+fp/hard\libnosys.a
END GROUP
LOAD c:/st/stm32cubeide_1.10.0/stm32cubeide/plugins/com.st.stm32cube.ide.mcu.externaltools.gnu-tools-for-stm32.10.3-2021.10.win32_1.0.0.202111181127/tools/bin/../lib/gcc/arm-none-eabi/10.3.1/thumb/v7e-m+fp/hard/crtend.o
LOAD c:/st/stm32cubeide_1.10.0/stm32cubeide/plugins/com.st.stm32cube.ide.mcu.externaltools.gnu-tools-for-stm32.10.3-2021.10.win32_1.0.0.202111181127/tools/bin/../lib/gcc/arm-none-eabi/10.3.1/thumb/v7e-m+fp/hard/crtn.o
                0x0000000020020000                _estack = (ORIGIN (RAM) + LENGTH (RAM))
                0x0000000000000200                _Min_Heap_Size = 0x200
                0x0000000000000400                _Min_Stack_Size = 0x400

.isr_vector     0x0000000008000000      0x188
                0x0000000008000000                . = ALIGN (0x4)
 *(.isr_vector)
 .isr_vector    0x0000000008000000      0x188 ./Core/Startup/startup_stm32f407vgtx.o
                0x0000000008000000                g_pfnVectors
                0x0000000008000188                . = ALIGN (0x4)

.text           0x0000000008000188     0x3708
                0x0000000008000188                . = ALIGN (0x4)
 *(.text)
 .text          0x0000000008000188       0x40 c:/st/stm32cubeide_1.10.0/stm32cubeide/plugins/com.st.stm32cube.ide.mcu.externaltools.gnu-tools-for-stm32.10.3-2021.10.win32_1.0.0.202111181127/tools/bin/../lib/gcc/arm-none-eabi/10.3.1/thumb/v7e-m+fp/hard/crtbegin.o
 .text          0x00000000080001c8       0x14 c:/st/stm32cubeide_1.10.0/stm32cubeide/plugins/com.st.stm32cube.ide.mcu.externaltools.gnu-tools-for-stm32.10.3-2021.10.win32_1.0.0.202111181127/tools/bin/../lib/gcc/arm-none-eabi/10.3.1/../../../../arm-none-eabi/lib/thumb/v7e-m+fp/hard\libc_nano.a(lib_a-strcmp.o)
                0x00000000080001c8                strcmp
 .text          0x00000000080001dc       0x10 c:/st/stm32cubeide_1.10.0/stm32cubeide/plugins/com.st.stm32cube.ide.mcu.externaltools.gnu-tools-for-stm32.10.3-2021.10.win32_1.0.0.202111181127/tools/bin/../lib/gcc/arm-none-eabi/10.3.1/../../../../arm-none-eabi/lib/thumb/v7e-m+fp/hard\libc_nano.a(lib_a-strlen.o)
                0x00000000080001dc                strlen
 .text          0x00000000080001ec       0x30 c:/st/stm32cubeide_1.10.0/stm32cubeide/plugins/com.st.stm32cube.ide.mcu.externaltools.gnu-tools-for-stm32.10.3-2021.10.win32_1.0.0.202111181127/tools/bin/../lib/gcc/arm-none-eabi/10.3.1/thumb/v7e-m+fp/hard\libgcc.a(_aeabi_uldivmod.o)
                0x00000000080001ec                __aeabi_uldivmod
 .text          0x000000000800021c      0x2d0 c:/st/stm32cubeide_1.10.0/stm32cubeide/plugins/com.st.stm32cube.ide.mcu.externaltools.gnu-tools-for-stm32.10.3-2021.10.win32_1.0.0.202111181127/tools/bin/../lib/gcc/arm-none-eabi/10.3.1/thumb/v7e-m+fp/hard\libgcc.a(_udivmoddi4.o)
                0x000000000800021c                __udivmoddi4
 .text          0x00000000080004ec        0x4 c:/st/stm32cubeide_1.10.0/stm32cubeide/plugins/com.st.stm32cube.ide.mcu.externaltools.gnu-tools-for-stm32.10.3-2021.10.win32_1.0.0.202111181127/tools/bin/../lib/gcc/arm-none-eabi/10.3.1/thumb/v7e-m+fp/hard\libgcc.a(_dvmd_tls.o)
                0x00000000080004ec                __aeabi_idiv0
                0x00000000080004ec                __aeabi_ldiv0
 *(.text*)
 .text.GetSector
                0x00000000080004f0      0x160 ./Core/OTALib/Flash.o
                0x00000000080004f0                GetSector
 .text.Flash_Write_Data
                0x0000000008000650       0xc8 ./Core/OTALib/Flash.o
                0x0000000008000650                Flash_Write_Data
 .text.Flash_Read_Data
                0x0000000008000718       0x3c ./Core/OTALib/Flash.o
                0x0000000008000718                Flash_Read_Data
 .text.__NVIC_SystemReset
                0x0000000008000754       0x2c ./Core/OTALib/OTA.o
 .text.Process_Bin_File
                0x0000000008000780       0xbc ./Core/OTALib/OTA.o
                0x0000000008000780                Process_Bin_File
 .text.Copy_To_Application
                0x000000000800083c       0xa4 ./Core/OTALib/OTA.o
                0x000000000800083c                Copy_To_Application
 .text.Jump_To_Application
                0x00000000080008e0       0x34 ./Core/OTALib/OTA.o
                0x00000000080008e0                Jump_To_Application
 .text.crc16_ccitt
                0x0000000008000914       0x7e ./Core/OTALib/OTA.o
                0x0000000008000914                crc16_ccitt
 *fill*         0x0000000008000992        0x2 
 .text.__NVIC_SystemReset
                0x0000000008000994       0x2c ./Core/OTALib/UART.o
 .text.HAL_UART_RxCpltCallback
                0x00000000080009c0      0x27c ./Core/OTALib/UART.o
                0x00000000080009c0                HAL_UART_RxCpltCallback
 .text.OTA_Start
                0x0000000008000c3c       0x38 ./Core/OTALib/UART.o
                0x0000000008000c3c                OTA_Start
 .text.OTA_End  0x0000000008000c74       0x38 ./Core/OTALib/UART.o
                0x0000000008000c74                OTA_End
 .text.CRC_True
                0x0000000008000cac       0x40 ./Core/OTALib/UART.o
                0x0000000008000cac                CRC_True
 .text.CRC_Fail
                0x0000000008000cec       0x38 ./Core/OTALib/UART.o
                0x0000000008000cec                CRC_Fail
 .text.main     0x0000000008000d24       0xa8 ./Core/Src/main.o
                0x0000000008000d24                main
 .text.SystemClock_Config
                0x0000000008000dcc       0xbc ./Core/Src/main.o
                0x0000000008000dcc                SystemClock_Config
 .text.MX_USART2_UART_Init
                0x0000000008000e88       0x54 ./Core/Src/main.o
 .text.MX_GPIO_Init
                0x0000000008000edc       0x68 ./Core/Src/main.o
 .text.Error_Handler
                0x0000000008000f44        0xa ./Core/Src/main.o
                0x0000000008000f44                Error_Handler
 *fill*         0x0000000008000f4e        0x2 
 .text.HAL_MspInit
                0x0000000008000f50       0x50 ./Core/Src/stm32f4xx_hal_msp.o
                0x0000000008000f50                HAL_MspInit
 .text.HAL_UART_MspInit
                0x0000000008000fa0       0xa0 ./Core/Src/stm32f4xx_hal_msp.o
                0x0000000008000fa0                HAL_UART_MspInit
 .text.NMI_Handler
                0x0000000008001040        0x6 ./Core/Src/stm32f4xx_it.o
                0x0000000008001040                NMI_Handler
 .text.HardFault_Handler
                0x0000000008001046        0x6 ./Core/Src/stm32f4xx_it.o
                0x0000000008001046                HardFault_Handler
 .text.MemManage_Handler
                0x000000000800104c        0x6 ./Core/Src/stm32f4xx_it.o
                0x000000000800104c                MemManage_Handler
 .text.BusFault_Handler
                0x0000000008001052        0x6 ./Core/Src/stm32f4xx_it.o
                0x0000000008001052                BusFault_Handler
 .text.UsageFault_Handler
                0x0000000008001058        0x6 ./Core/Src/stm32f4xx_it.o
                0x0000000008001058                UsageFault_Handler
 .text.SVC_Handler
                0x000000000800105e        0xe ./Core/Src/stm32f4xx_it.o
                0x000000000800105e                SVC_Handler
 .text.DebugMon_Handler
                0x000000000800106c        0xe ./Core/Src/stm32f4xx_it.o
                0x000000000800106c                DebugMon_Handler
 .text.PendSV_Handler
                0x000000000800107a        0xe ./Core/Src/stm32f4xx_it.o
                0x000000000800107a                PendSV_Handler
 .text.SysTick_Handler
                0x0000000008001088        0xc ./Core/Src/stm32f4xx_it.o
                0x0000000008001088                SysTick_Handler
 .text.USART2_IRQHandler
                0x0000000008001094       0x14 ./Core/Src/stm32f4xx_it.o
                0x0000000008001094                USART2_IRQHandler
 .text.SystemInit
                0x00000000080010a8       0x24 ./Core/Src/system_stm32f4xx.o
                0x00000000080010a8                SystemInit
 .text.Reset_Handler
                0x00000000080010cc       0x50 ./Core/Startup/startup_stm32f407vgtx.o
                0x00000000080010cc                Reset_Handler
 .text.Default_Handler
                0x000000000800111c        0x2 ./Core/Startup/startup_stm32f407vgtx.o
                0x000000000800111c                RTC_Alarm_IRQHandler
                0x000000000800111c                HASH_RNG_IRQHandler
                0x000000000800111c                EXTI2_IRQHandler
                0x000000000800111c                TIM8_CC_IRQHandler
                0x000000000800111c                TIM1_CC_IRQHandler
                0x000000000800111c                DMA2_Stream5_IRQHandler
                0x000000000800111c                DMA1_Stream5_IRQHandler
                0x000000000800111c                PVD_IRQHandler
                0x000000000800111c                SDIO_IRQHandler
                0x000000000800111c                TAMP_STAMP_IRQHandler
                0x000000000800111c                CAN2_RX1_IRQHandler
                0x000000000800111c                EXTI3_IRQHandler
                0x000000000800111c                TIM8_TRG_COM_TIM14_IRQHandler
                0x000000000800111c                TIM1_UP_TIM10_IRQHandler
                0x000000000800111c                TIM8_UP_TIM13_IRQHandler
                0x000000000800111c                I2C3_ER_IRQHandler
                0x000000000800111c                EXTI0_IRQHandler
                0x000000000800111c                I2C2_EV_IRQHandler
                0x000000000800111c                DMA1_Stream2_IRQHandler
                0x000000000800111c                CAN1_RX0_IRQHandler
                0x000000000800111c                FPU_IRQHandler
                0x000000000800111c                OTG_HS_WKUP_IRQHandler
                0x000000000800111c                CAN2_SCE_IRQHandler
                0x000000000800111c                DMA2_Stream2_IRQHandler
                0x000000000800111c                SPI1_IRQHandler
                0x000000000800111c                TIM6_DAC_IRQHandler
                0x000000000800111c                TIM1_BRK_TIM9_IRQHandler
                0x000000000800111c                DCMI_IRQHandler
                0x000000000800111c                CAN2_RX0_IRQHandler
                0x000000000800111c                DMA2_Stream3_IRQHandler
                0x000000000800111c                USART6_IRQHandler
                0x000000000800111c                USART3_IRQHandler
                0x000000000800111c                CAN1_RX1_IRQHandler
                0x000000000800111c                UART5_IRQHandler
                0x000000000800111c                DMA2_Stream0_IRQHandler
                0x000000000800111c                TIM4_IRQHandler
                0x000000000800111c                I2C1_EV_IRQHandler
                0x000000000800111c                DMA1_Stream6_IRQHandler
                0x000000000800111c                DMA1_Stream1_IRQHandler
                0x000000000800111c                UART4_IRQHandler
                0x000000000800111c                TIM3_IRQHandler
                0x000000000800111c                RCC_IRQHandler
                0x000000000800111c                TIM8_BRK_TIM12_IRQHandler
                0x000000000800111c                Default_Handler
                0x000000000800111c                EXTI15_10_IRQHandler
                0x000000000800111c                ADC_IRQHandler
                0x000000000800111c                DMA1_Stream7_IRQHandler
                0x000000000800111c                TIM7_IRQHandler
                0x000000000800111c                CAN2_TX_IRQHandler
                0x000000000800111c                TIM5_IRQHandler
                0x000000000800111c                DMA2_Stream7_IRQHandler
                0x000000000800111c                I2C3_EV_IRQHandler
                0x000000000800111c                EXTI9_5_IRQHandler
                0x000000000800111c                RTC_WKUP_IRQHandler
                0x000000000800111c                ETH_WKUP_IRQHandler
                0x000000000800111c                SPI2_IRQHandler
                0x000000000800111c                OTG_HS_EP1_IN_IRQHandler
                0x000000000800111c                DMA1_Stream0_IRQHandler
                0x000000000800111c                CAN1_TX_IRQHandler
                0x000000000800111c                EXTI4_IRQHandler
                0x000000000800111c                FSMC_IRQHandler
                0x000000000800111c                ETH_IRQHandler
                0x000000000800111c                OTG_HS_EP1_OUT_IRQHandler
                0x000000000800111c                WWDG_IRQHandler
                0x000000000800111c                TIM2_IRQHandler
                0x000000000800111c                OTG_FS_WKUP_IRQHandler
                0x000000000800111c                TIM1_TRG_COM_TIM11_IRQHandler
                0x000000000800111c                OTG_HS_IRQHandler
                0x000000000800111c                EXTI1_IRQHandler
                0x000000000800111c                I2C2_ER_IRQHandler
                0x000000000800111c                DMA2_Stream1_IRQHandler
                0x000000000800111c                CAN1_SCE_IRQHandler
                0x000000000800111c                FLASH_IRQHandler
                0x000000000800111c                DMA2_Stream4_IRQHandler
                0x000000000800111c                USART1_IRQHandler
                0x000000000800111c                OTG_FS_IRQHandler
                0x000000000800111c                SPI3_IRQHandler
                0x000000000800111c                DMA1_Stream4_IRQHandler
                0x000000000800111c                I2C1_ER_IRQHandler
                0x000000000800111c                DMA2_Stream6_IRQHandler
                0x000000000800111c                DMA1_Stream3_IRQHandler
 *fill*         0x000000000800111e        0x2 
 .text.HAL_Init
                0x0000000008001120       0x44 ./Drivers/STM32F4xx_HAL_Driver/Src/stm32f4xx_hal.o
                0x0000000008001120                HAL_Init
 .text.HAL_InitTick
                0x0000000008001164       0x60 ./Drivers/STM32F4xx_HAL_Driver/Src/stm32f4xx_hal.o
                0x0000000008001164                HAL_InitTick
 .text.HAL_IncTick
                0x00000000080011c4       0x28 ./Drivers/STM32F4xx_HAL_Driver/Src/stm32f4xx_hal.o
                0x00000000080011c4                HAL_IncTick
 .text.HAL_GetTick
                0x00000000080011ec       0x18 ./Drivers/STM32F4xx_HAL_Driver/Src/stm32f4xx_hal.o
                0x00000000080011ec                HAL_GetTick
 .text.__NVIC_SetPriorityGrouping
                0x0000000008001204       0x48 ./Drivers/STM32F4xx_HAL_Driver/Src/stm32f4xx_hal_cortex.o
 .text.__NVIC_GetPriorityGrouping
                0x000000000800124c       0x1c ./Drivers/STM32F4xx_HAL_Driver/Src/stm32f4xx_hal_cortex.o
 .text.__NVIC_EnableIRQ
                0x0000000008001268       0x3c ./Drivers/STM32F4xx_HAL_Driver/Src/stm32f4xx_hal_cortex.o
 .text.__NVIC_SetPriority
                0x00000000080012a4       0x54 ./Drivers/STM32F4xx_HAL_Driver/Src/stm32f4xx_hal_cortex.o
 .text.NVIC_EncodePriority
                0x00000000080012f8       0x66 ./Drivers/STM32F4xx_HAL_Driver/Src/stm32f4xx_hal_cortex.o
 *fill*         0x000000000800135e        0x2 
 .text.SysTick_Config
                0x0000000008001360       0x44 ./Drivers/STM32F4xx_HAL_Driver/Src/stm32f4xx_hal_cortex.o
 .text.HAL_NVIC_SetPriorityGrouping
                0x00000000080013a4       0x16 ./Drivers/STM32F4xx_HAL_Driver/Src/stm32f4xx_hal_cortex.o
                0x00000000080013a4                HAL_NVIC_SetPriorityGrouping
 .text.HAL_NVIC_SetPriority
                0x00000000080013ba       0x38 ./Drivers/STM32F4xx_HAL_Driver/Src/stm32f4xx_hal_cortex.o
                0x00000000080013ba                HAL_NVIC_SetPriority
 .text.HAL_NVIC_EnableIRQ
                0x00000000080013f2       0x1c ./Drivers/STM32F4xx_HAL_Driver/Src/stm32f4xx_hal_cortex.o
                0x00000000080013f2                HAL_NVIC_EnableIRQ
 .text.HAL_SYSTICK_Config
                0x000000000800140e       0x18 ./Drivers/STM32F4xx_HAL_Driver/Src/stm32f4xx_hal_cortex.o
                0x000000000800140e                HAL_SYSTICK_Config
 .text.HAL_DMA_Abort
                0x0000000008001426       0xe0 ./Drivers/STM32F4xx_HAL_Driver/Src/stm32f4xx_hal_dma.o
                0x0000000008001426                HAL_DMA_Abort
 .text.HAL_DMA_Abort_IT
                0x0000000008001506       0x44 ./Drivers/STM32F4xx_HAL_Driver/Src/stm32f4xx_hal_dma.o
                0x0000000008001506                HAL_DMA_Abort_IT
 *fill*         0x000000000800154a        0x2 
 .text.HAL_FLASH_Program
                0x000000000800154c       0xa8 ./Drivers/STM32F4xx_HAL_Driver/Src/stm32f4xx_hal_flash.o
                0x000000000800154c                HAL_FLASH_Program
 .text.HAL_FLASH_Unlock
                0x00000000080015f4       0x44 ./Drivers/STM32F4xx_HAL_Driver/Src/stm32f4xx_hal_flash.o
                0x00000000080015f4                HAL_FLASH_Unlock
 .text.HAL_FLASH_Lock
                0x0000000008001638       0x20 ./Drivers/STM32F4xx_HAL_Driver/Src/stm32f4xx_hal_flash.o
                0x0000000008001638                HAL_FLASH_Lock
 .text.HAL_FLASH_GetError
                0x0000000008001658       0x18 ./Drivers/STM32F4xx_HAL_Driver/Src/stm32f4xx_hal_flash.o
                0x0000000008001658                HAL_FLASH_GetError
 .text.FLASH_WaitForLastOperation
                0x0000000008001670       0x80 ./Drivers/STM32F4xx_HAL_Driver/Src/stm32f4xx_hal_flash.o
                0x0000000008001670                FLASH_WaitForLastOperation
 .text.FLASH_Program_DoubleWord
                0x00000000080016f0       0x64 ./Drivers/STM32F4xx_HAL_Driver/Src/stm32f4xx_hal_flash.o
 .text.FLASH_Program_Word
                0x0000000008001754       0x44 ./Drivers/STM32F4xx_HAL_Driver/Src/stm32f4xx_hal_flash.o
 .text.FLASH_Program_HalfWord
                0x0000000008001798       0x48 ./Drivers/STM32F4xx_HAL_Driver/Src/stm32f4xx_hal_flash.o
 .text.FLASH_Program_Byte
                0x00000000080017e0       0x44 ./Drivers/STM32F4xx_HAL_Driver/Src/stm32f4xx_hal_flash.o
 .text.FLASH_SetErrorCode
                0x0000000008001824       0xac ./Drivers/STM32F4xx_HAL_Driver/Src/stm32f4xx_hal_flash.o
 .text.HAL_FLASHEx_Erase
                0x00000000080018d0       0xe0 ./Drivers/STM32F4xx_HAL_Driver/Src/stm32f4xx_hal_flash_ex.o
                0x00000000080018d0                HAL_FLASHEx_Erase
 .text.FLASH_MassErase
                0x00000000080019b0       0x48 ./Drivers/STM32F4xx_HAL_Driver/Src/stm32f4xx_hal_flash_ex.o
 .text.FLASH_Erase_Sector
                0x00000000080019f8       0x90 ./Drivers/STM32F4xx_HAL_Driver/Src/stm32f4xx_hal_flash_ex.o
                0x00000000080019f8                FLASH_Erase_Sector
 .text.FLASH_FlushCaches
                0x0000000008001a88       0x8c ./Drivers/STM32F4xx_HAL_Driver/Src/stm32f4xx_hal_flash_ex.o
                0x0000000008001a88                FLASH_FlushCaches
 .text.HAL_GPIO_Init
                0x0000000008001b14      0x338 ./Drivers/STM32F4xx_HAL_Driver/Src/stm32f4xx_hal_gpio.o
                0x0000000008001b14                HAL_GPIO_Init
 .text.HAL_GPIO_WritePin
                0x0000000008001e4c       0x32 ./Drivers/STM32F4xx_HAL_Driver/Src/stm32f4xx_hal_gpio.o
                0x0000000008001e4c                HAL_GPIO_WritePin
 *fill*         0x0000000008001e7e        0x2 
 .text.HAL_RCC_OscConfig
                0x0000000008001e80      0x4f0 ./Drivers/STM32F4xx_HAL_Driver/Src/stm32f4xx_hal_rcc.o
                0x0000000008001e80                HAL_RCC_OscConfig
 .text.HAL_RCC_ClockConfig
                0x0000000008002370      0x1cc ./Drivers/STM32F4xx_HAL_Driver/Src/stm32f4xx_hal_rcc.o
                0x0000000008002370                HAL_RCC_ClockConfig
 .text.HAL_RCC_GetSysClockFreq
                0x000000000800253c      0x18c ./Drivers/STM32F4xx_HAL_Driver/Src/stm32f4xx_hal_rcc.o
                0x000000000800253c                HAL_RCC_GetSysClockFreq
 .text.HAL_RCC_GetHCLKFreq
                0x00000000080026c8       0x18 ./Drivers/STM32F4xx_HAL_Driver/Src/stm32f4xx_hal_rcc.o
                0x00000000080026c8                HAL_RCC_GetHCLKFreq
 .text.HAL_RCC_GetPCLK1Freq
                0x00000000080026e0       0x28 ./Drivers/STM32F4xx_HAL_Driver/Src/stm32f4xx_hal_rcc.o
                0x00000000080026e0                HAL_RCC_GetPCLK1Freq
 .text.HAL_RCC_GetPCLK2Freq
                0x0000000008002708       0x28 ./Drivers/STM32F4xx_HAL_Driver/Src/stm32f4xx_hal_rcc.o
                0x0000000008002708                HAL_RCC_GetPCLK2Freq
 .text.HAL_UART_Init
                0x0000000008002730       0x9a ./Drivers/STM32F4xx_HAL_Driver/Src/stm32f4xx_hal_uart.o
                0x0000000008002730                HAL_UART_Init
 .text.HAL_UART_Transmit
                0x00000000080027ca      0x124 ./Drivers/STM32F4xx_HAL_Driver/Src/stm32f4xx_hal_uart.o
                0x00000000080027ca                HAL_UART_Transmit
 .text.HAL_UART_Receive_IT
                0x00000000080028ee       0x60 ./Drivers/STM32F4xx_HAL_Driver/Src/stm32f4xx_hal_uart.o
                0x00000000080028ee                HAL_UART_Receive_IT
 *fill*         0x000000000800294e        0x2 
 .text.HAL_UART_IRQHandler
                0x0000000008002950      0x51c ./Drivers/STM32F4xx_HAL_Driver/Src/stm32f4xx_hal_uart.o
                0x0000000008002950                HAL_UART_IRQHandler
 .text.HAL_UART_TxCpltCallback
                0x0000000008002e6c       0x14 ./Drivers/STM32F4xx_HAL_Driver/Src/stm32f4xx_hal_uart.o
                0x0000000008002e6c                HAL_UART_TxCpltCallback
 .text.HAL_UART_ErrorCallback
                0x0000000008002e80       0x14 ./Drivers/STM32F4xx_HAL_Driver/Src/stm32f4xx_hal_uart.o
                0x0000000008002e80                HAL_UART_ErrorCallback
 .text.HAL_UARTEx_RxEventCallback
                0x0000000008002e94       0x18 ./Drivers/STM32F4xx_HAL_Driver/Src/stm32f4xx_hal_uart.o
                0x0000000008002e94                HAL_UARTEx_RxEventCallback
 .text.UART_WaitOnFlagUntilTimeout
                0x0000000008002eac       0xdc ./Drivers/STM32F4xx_HAL_Driver/Src/stm32f4xx_hal_uart.o
 .text.UART_Start_Receive_IT
                0x0000000008002f88       0x7c ./Drivers/STM32F4xx_HAL_Driver/Src/stm32f4xx_hal_uart.o
                0x0000000008002f88                UART_Start_Receive_IT
 .text.UART_EndRxTransfer
                0x0000000008003004       0xc6 ./Drivers/STM32F4xx_HAL_Driver/Src/stm32f4xx_hal_uart.o
 .text.UART_DMAAbortOnError
                0x00000000080030ca       0x28 ./Drivers/STM32F4xx_HAL_Driver/Src/stm32f4xx_hal_uart.o
 .text.UART_Transmit_IT
                0x00000000080030f2       0xa0 ./Drivers/STM32F4xx_HAL_Driver/Src/stm32f4xx_hal_uart.o
 .text.UART_EndTransmit_IT
                0x0000000008003192       0x30 ./Drivers/STM32F4xx_HAL_Driver/Src/stm32f4xx_hal_uart.o
 .text.UART_Receive_IT
                0x00000000080031c2      0x176 ./Drivers/STM32F4xx_HAL_Driver/Src/stm32f4xx_hal_uart.o
 .text.UART_SetConfig
                0x0000000008003338      0x4e8 ./Drivers/STM32F4xx_HAL_Driver/Src/stm32f4xx_hal_uart.o
 .text.__libc_init_array
                0x0000000008003820       0x48 c:/st/stm32cubeide_1.10.0/stm32cubeide/plugins/com.st.stm32cube.ide.mcu.externaltools.gnu-tools-for-stm32.10.3-2021.10.win32_1.0.0.202111181127/tools/bin/../lib/gcc/arm-none-eabi/10.3.1/../../../../arm-none-eabi/lib/thumb/v7e-m+fp/hard\libc_nano.a(lib_a-init.o)
                0x0000000008003820                __libc_init_array
 .text.memset   0x0000000008003868       0x10 c:/st/stm32cubeide_1.10.0/stm32cubeide/plugins/com.st.stm32cube.ide.mcu.externaltools.gnu-tools-for-stm32.10.3-2021.10.win32_1.0.0.202111181127/tools/bin/../lib/gcc/arm-none-eabi/10.3.1/../../../../arm-none-eabi/lib/thumb/v7e-m+fp/hard\libc_nano.a(lib_a-memset.o)
                0x0000000008003868                memset
 *(.glue_7)
 .glue_7        0x0000000008003878        0x0 linker stubs
 *(.glue_7t)
 .glue_7t       0x0000000008003878        0x0 linker stubs
 *(.eh_frame)
 .eh_frame      0x0000000008003878        0x0 c:/st/stm32cubeide_1.10.0/stm32cubeide/plugins/com.st.stm32cube.ide.mcu.externaltools.gnu-tools-for-stm32.10.3-2021.10.win32_1.0.0.202111181127/tools/bin/../lib/gcc/arm-none-eabi/10.3.1/thumb/v7e-m+fp/hard/crtbegin.o
 *(.init)
 .init          0x0000000008003878        0x4 c:/st/stm32cubeide_1.10.0/stm32cubeide/plugins/com.st.stm32cube.ide.mcu.externaltools.gnu-tools-for-stm32.10.3-2021.10.win32_1.0.0.202111181127/tools/bin/../lib/gcc/arm-none-eabi/10.3.1/thumb/v7e-m+fp/hard/crti.o
                0x0000000008003878                _init
 .init          0x000000000800387c        0x8 c:/st/stm32cubeide_1.10.0/stm32cubeide/plugins/com.st.stm32cube.ide.mcu.externaltools.gnu-tools-for-stm32.10.3-2021.10.win32_1.0.0.202111181127/tools/bin/../lib/gcc/arm-none-eabi/10.3.1/thumb/v7e-m+fp/hard/crtn.o
 *(.fini)
 .fini          0x0000000008003884        0x4 c:/st/stm32cubeide_1.10.0/stm32cubeide/plugins/com.st.stm32cube.ide.mcu.externaltools.gnu-tools-for-stm32.10.3-2021.10.win32_1.0.0.202111181127/tools/bin/../lib/gcc/arm-none-eabi/10.3.1/thumb/v7e-m+fp/hard/crti.o
                0x0000000008003884                _fini
 .fini          0x0000000008003888        0x8 c:/st/stm32cubeide_1.10.0/stm32cubeide/plugins/com.st.stm32cube.ide.mcu.externaltools.gnu-tools-for-stm32.10.3-2021.10.win32_1.0.0.202111181127/tools/bin/../lib/gcc/arm-none-eabi/10.3.1/thumb/v7e-m+fp/hard/crtn.o
                0x0000000008003890                . = ALIGN (0x4)
                0x0000000008003890                _etext = .

.vfp11_veneer   0x0000000008003890        0x0
 .vfp11_veneer  0x0000000008003890        0x0 linker stubs

.v4_bx          0x0000000008003890        0x0
 .v4_bx         0x0000000008003890        0x0 linker stubs

.iplt           0x0000000008003890        0x0
 .iplt          0x0000000008003890        0x0 c:/st/stm32cubeide_1.10.0/stm32cubeide/plugins/com.st.stm32cube.ide.mcu.externaltools.gnu-tools-for-stm32.10.3-2021.10.win32_1.0.0.202111181127/tools/bin/../lib/gcc/arm-none-eabi/10.3.1/thumb/v7e-m+fp/hard/crtbegin.o

.rodata         0x0000000008003890       0x4c
                0x0000000008003890                . = ALIGN (0x4)
 *(.rodata)
 .rodata        0x0000000008003890       0x26 ./Core/OTALib/UART.o
 *fill*         0x00000000080038b6        0x2 
 .rodata        0x00000000080038b8        0xa ./Core/Src/main.o
 *(.rodata*)
 *fill*         0x00000000080038c2        0x2 
 .rodata.AHBPrescTable
                0x00000000080038c4       0x10 ./Core/Src/system_stm32f4xx.o
                0x00000000080038c4                AHBPrescTable
 .rodata.APBPrescTable
                0x00000000080038d4        0x8 ./Core/Src/system_stm32f4xx.o
                0x00000000080038d4                APBPrescTable
                0x00000000080038dc                . = ALIGN (0x4)

.ARM.extab      0x00000000080038dc        0x0
                0x00000000080038dc                . = ALIGN (0x4)
 *(.ARM.extab* .gnu.linkonce.armextab.*)
                0x00000000080038dc                . = ALIGN (0x4)

.ARM            0x00000000080038dc        0x8
                0x00000000080038dc                . = ALIGN (0x4)
                0x00000000080038dc                __exidx_start = .
 *(.ARM.exidx*)
 .ARM.exidx     0x00000000080038dc        0x8 c:/st/stm32cubeide_1.10.0/stm32cubeide/plugins/com.st.stm32cube.ide.mcu.externaltools.gnu-tools-for-stm32.10.3-2021.10.win32_1.0.0.202111181127/tools/bin/../lib/gcc/arm-none-eabi/10.3.1/thumb/v7e-m+fp/hard\libgcc.a(_udivmoddi4.o)
                0x00000000080038e4                __exidx_end = .
                0x00000000080038e4                . = ALIGN (0x4)

.rel.dyn        0x00000000080038e4        0x0
 .rel.iplt      0x00000000080038e4        0x0 c:/st/stm32cubeide_1.10.0/stm32cubeide/plugins/com.st.stm32cube.ide.mcu.externaltools.gnu-tools-for-stm32.10.3-2021.10.win32_1.0.0.202111181127/tools/bin/../lib/gcc/arm-none-eabi/10.3.1/thumb/v7e-m+fp/hard/crtbegin.o

.preinit_array  0x00000000080038e4        0x0
                0x00000000080038e4                . = ALIGN (0x4)
                0x00000000080038e4                PROVIDE (__preinit_array_start = .)
 *(.preinit_array*)
                0x00000000080038e4                PROVIDE (__preinit_array_end = .)
                0x00000000080038e4                . = ALIGN (0x4)

.init_array     0x00000000080038e4        0x4
                0x00000000080038e4                . = ALIGN (0x4)
                0x00000000080038e4                PROVIDE (__init_array_start = .)
 *(SORT_BY_NAME(.init_array.*))
 *(.init_array*)
 .init_array    0x00000000080038e4        0x4 c:/st/stm32cubeide_1.10.0/stm32cubeide/plugins/com.st.stm32cube.ide.mcu.externaltools.gnu-tools-for-stm32.10.3-2021.10.win32_1.0.0.202111181127/tools/bin/../lib/gcc/arm-none-eabi/10.3.1/thumb/v7e-m+fp/hard/crtbegin.o
                0x00000000080038e8                PROVIDE (__init_array_end = .)
                0x00000000080038e8                . = ALIGN (0x4)

.fini_array     0x00000000080038e8        0x4
                0x00000000080038e8                . = ALIGN (0x4)
                [!provide]                        PROVIDE (__fini_array_start = .)
 *(SORT_BY_NAME(.fini_array.*))
 *(.fini_array*)
 .fini_array    0x00000000080038e8        0x4 c:/st/stm32cubeide_1.10.0/stm32cubeide/plugins/com.st.stm32cube.ide.mcu.externaltools.gnu-tools-for-stm32.10.3-2021.10.win32_1.0.0.202111181127/tools/bin/../lib/gcc/arm-none-eabi/10.3.1/thumb/v7e-m+fp/hard/crtbegin.o
                [!provide]                        PROVIDE (__fini_array_end = .)
                0x00000000080038ec                . = ALIGN (0x4)
                0x00000000080038ec                _sidata = LOADADDR (.data)

.data           0x0000000020000000        0xc load address 0x00000000080038ec
                0x0000000020000000                . = ALIGN (0x4)
                0x0000000020000000                _sdata = .
 *(.data)
 *(.data*)
 .data.SystemCoreClock
                0x0000000020000000        0x4 ./Core/Src/system_stm32f4xx.o
                0x0000000020000000                SystemCoreClock
 .data.uwTickPrio
                0x0000000020000004        0x4 ./Drivers/STM32F4xx_HAL_Driver/Src/stm32f4xx_hal.o
                0x0000000020000004                uwTickPrio
 .data.uwTickFreq
                0x0000000020000008        0x1 ./Drivers/STM32F4xx_HAL_Driver/Src/stm32f4xx_hal.o
                0x0000000020000008                uwTickFreq
 *(.RamFunc)
 *(.RamFunc*)
                0x000000002000000c                . = ALIGN (0x4)
 *fill*         0x0000000020000009        0x3 
                0x000000002000000c                _edata = .
                0x00000000080038f8                _siccmram = LOADADDR (.ccmram)

.igot.plt       0x000000002000000c        0x0 load address 0x00000000080038f8
 .igot.plt      0x000000002000000c        0x0 c:/st/stm32cubeide_1.10.0/stm32cubeide/plugins/com.st.stm32cube.ide.mcu.externaltools.gnu-tools-for-stm32.10.3-2021.10.win32_1.0.0.202111181127/tools/bin/../lib/gcc/arm-none-eabi/10.3.1/thumb/v7e-m+fp/hard/crtbegin.o

.ccmram         0x0000000010000000        0x0 load address 0x00000000080038f8
                0x0000000010000000                . = ALIGN (0x4)
                0x0000000010000000                _sccmram = .
 *(.ccmram)
 *(.ccmram*)
                0x0000000010000000                . = ALIGN (0x4)
                0x0000000010000000                _eccmram = .
                0x0000000010000000                . = ALIGN (0x4)

.bss            0x000000002000000c     0x5be8
                0x000000002000000c                _sbss = .
                0x000000002000000c                __bss_start__ = _sbss
 *(.bss)
 .bss           0x000000002000000c       0x1c c:/st/stm32cubeide_1.10.0/stm32cubeide/plugins/com.st.stm32cube.ide.mcu.externaltools.gnu-tools-for-stm32.10.3-2021.10.win32_1.0.0.202111181127/tools/bin/../lib/gcc/arm-none-eabi/10.3.1/thumb/v7e-m+fp/hard/crtbegin.o
 *(.bss*)
 .bss.EraseInitStruct.1
                0x0000000020000028       0x14 ./Core/OTALib/Flash.o
 .bss.number_word
                0x000000002000003c        0x4 ./Core/OTALib/OTA.o
                0x000000002000003c                number_word
 .bss.rx_data   0x0000000020000040        0x1 ./Core/OTALib/UART.o
                0x0000000020000040                rx_data
 *fill*         0x0000000020000041        0x3 
 .bss.Firmware_rx
                0x0000000020000044     0x5b1c ./Core/OTALib/UART.o
                0x0000000020000044                Firmware_rx
 .bss.cur_index
                0x0000000020005b60        0x2 ./Core/OTALib/UART.o
                0x0000000020005b60                cur_index
 .bss.cur_line  0x0000000020005b62        0x2 ./Core/OTALib/UART.o
                0x0000000020005b62                cur_line
 .bss.uart_count
                0x0000000020005b64        0x2 ./Core/OTALib/UART.o
                0x0000000020005b64                uart_count
 *fill*         0x0000000020005b66        0x2 
 .bss.uart_rx   0x0000000020005b68       0x1e ./Core/OTALib/UART.o
                0x0000000020005b68                uart_rx
 .bss.OTA_mode  0x0000000020005b86        0x1 ./Core/OTALib/UART.o
                0x0000000020005b86                OTA_mode
 *fill*         0x0000000020005b87        0x1 
 .bss.crc_buffer
                0x0000000020005b88        0x2 ./Core/OTALib/UART.o
                0x0000000020005b88                crc_buffer
 .bss.crc_index
                0x0000000020005b8a        0x1 ./Core/OTALib/UART.o
                0x0000000020005b8a                crc_index
 .bss.CRC_success
                0x0000000020005b8b        0x1 ./Core/OTALib/UART.o
                0x0000000020005b8b                CRC_success
 .bss.huart2    0x0000000020005b8c       0x44 ./Core/Src/main.o
                0x0000000020005b8c                huart2
 .bss.uwTick    0x0000000020005bd0        0x4 ./Drivers/STM32F4xx_HAL_Driver/Src/stm32f4xx_hal.o
                0x0000000020005bd0                uwTick
 .bss.pFlash    0x0000000020005bd4       0x20 ./Drivers/STM32F4xx_HAL_Driver/Src/stm32f4xx_hal_flash.o
                0x0000000020005bd4                pFlash
 *(COMMON)
                0x0000000020005bf4                . = ALIGN (0x4)
                0x0000000020005bf4                _ebss = .
                0x0000000020005bf4                __bss_end__ = _ebss

._user_heap_stack
                0x0000000020005bf4      0x604
                0x0000000020005bf8                . = ALIGN (0x8)
 *fill*         0x0000000020005bf4        0x4 
                [!provide]                        PROVIDE (end = .)
                0x0000000020005bf8                PROVIDE (_end = .)
                0x0000000020005df8                . = (. + _Min_Heap_Size)
 *fill*         0x0000000020005bf8      0x200 
                0x00000000200061f8                . = (. + _Min_Stack_Size)
 *fill*         0x0000000020005df8      0x400 
                0x00000000200061f8                . = ALIGN (0x8)

/DISCARD/
 libc.a(*)
 libm.a(*)
 libgcc.a(*)

.ARM.attributes
                0x0000000000000000       0x30
 *(.ARM.attributes)
 .ARM.attributes
                0x0000000000000000       0x1e c:/st/stm32cubeide_1.10.0/stm32cubeide/plugins/com.st.stm32cube.ide.mcu.externaltools.gnu-tools-for-stm32.10.3-2021.10.win32_1.0.0.202111181127/tools/bin/../lib/gcc/arm-none-eabi/10.3.1/thumb/v7e-m+fp/hard/crti.o
 .ARM.attributes
                0x000000000000001e       0x34 c:/st/stm32cubeide_1.10.0/stm32cubeide/plugins/com.st.stm32cube.ide.mcu.externaltools.gnu-tools-for-stm32.10.3-2021.10.win32_1.0.0.202111181127/tools/bin/../lib/gcc/arm-none-eabi/10.3.1/thumb/v7e-m+fp/hard/crtbegin.o
 .ARM.attributes
                0x0000000000000052       0x34 ./Core/OTALib/Flash.o
 .ARM.attributes
                0x0000000000000086       0x34 ./Core/OTALib/OTA.o
 .ARM.attributes
                0x00000000000000ba       0x34 ./Core/OTALib/UART.o
 .ARM.attributes
                0x00000000000000ee       0x34 ./Core/Src/main.o
 .ARM.attributes
                0x0000000000000122       0x34 ./Core/Src/stm32f4xx_hal_msp.o
 .ARM.attributes
                0x0000000000000156       0x34 ./Core/Src/stm32f4xx_it.o
 .ARM.attributes
                0x000000000000018a       0x34 ./Core/Src/system_stm32f4xx.o
 .ARM.attributes
                0x00000000000001be       0x21 ./Core/Startup/startup_stm32f407vgtx.o
 .ARM.attributes
                0x00000000000001df       0x34 ./Drivers/STM32F4xx_HAL_Driver/Src/stm32f4xx_hal.o
 .ARM.attributes
                0x0000000000000213       0x34 ./Drivers/STM32F4xx_HAL_Driver/Src/stm32f4xx_hal_cortex.o
 .ARM.attributes
                0x0000000000000247       0x34 ./Drivers/STM32F4xx_HAL_Driver/Src/stm32f4xx_hal_dma.o
 .ARM.attributes
                0x000000000000027b       0x34 ./Drivers/STM32F4xx_HAL_Driver/Src/stm32f4xx_hal_flash.o
 .ARM.attributes
                0x00000000000002af       0x34 ./Drivers/STM32F4xx_HAL_Driver/Src/stm32f4xx_hal_flash_ex.o
 .ARM.attributes
                0x00000000000002e3       0x34 ./Drivers/STM32F4xx_HAL_Driver/Src/stm32f4xx_hal_gpio.o
 .ARM.attributes
                0x0000000000000317       0x34 ./Drivers/STM32F4xx_HAL_Driver/Src/stm32f4xx_hal_rcc.o
 .ARM.attributes
                0x000000000000034b       0x34 ./Drivers/STM32F4xx_HAL_Driver/Src/stm32f4xx_hal_uart.o
 .ARM.attributes
                0x000000000000037f       0x34 c:/st/stm32cubeide_1.10.0/stm32cubeide/plugins/com.st.stm32cube.ide.mcu.externaltools.gnu-tools-for-stm32.10.3-2021.10.win32_1.0.0.202111181127/tools/bin/../lib/gcc/arm-none-eabi/10.3.1/../../../../arm-none-eabi/lib/thumb/v7e-m+fp/hard\libc_nano.a(lib_a-init.o)
 .ARM.attributes
                0x00000000000003b3       0x34 c:/st/stm32cubeide_1.10.0/stm32cubeide/plugins/com.st.stm32cube.ide.mcu.externaltools.gnu-tools-for-stm32.10.3-2021.10.win32_1.0.0.202111181127/tools/bin/../lib/gcc/arm-none-eabi/10.3.1/../../../../arm-none-eabi/lib/thumb/v7e-m+fp/hard\libc_nano.a(lib_a-memset.o)
 .ARM.attributes
                0x00000000000003e7       0x1c c:/st/stm32cubeide_1.10.0/stm32cubeide/plugins/com.st.stm32cube.ide.mcu.externaltools.gnu-tools-for-stm32.10.3-2021.10.win32_1.0.0.202111181127/tools/bin/../lib/gcc/arm-none-eabi/10.3.1/../../../../arm-none-eabi/lib/thumb/v7e-m+fp/hard\libc_nano.a(lib_a-strcmp.o)
 .ARM.attributes
                0x0000000000000403       0x17 c:/st/stm32cubeide_1.10.0/stm32cubeide/plugins/com.st.stm32cube.ide.mcu.externaltools.gnu-tools-for-stm32.10.3-2021.10.win32_1.0.0.202111181127/tools/bin/../lib/gcc/arm-none-eabi/10.3.1/../../../../arm-none-eabi/lib/thumb/v7e-m+fp/hard\libc_nano.a(lib_a-strlen.o)
 .ARM.attributes
                0x000000000000041a       0x1e c:/st/stm32cubeide_1.10.0/stm32cubeide/plugins/com.st.stm32cube.ide.mcu.externaltools.gnu-tools-for-stm32.10.3-2021.10.win32_1.0.0.202111181127/tools/bin/../lib/gcc/arm-none-eabi/10.3.1/thumb/v7e-m+fp/hard\libgcc.a(_aeabi_uldivmod.o)
 .ARM.attributes
                0x0000000000000438       0x34 c:/st/stm32cubeide_1.10.0/stm32cubeide/plugins/com.st.stm32cube.ide.mcu.externaltools.gnu-tools-for-stm32.10.3-2021.10.win32_1.0.0.202111181127/tools/bin/../lib/gcc/arm-none-eabi/10.3.1/thumb/v7e-m+fp/hard\libgcc.a(_udivmoddi4.o)
 .ARM.attributes
                0x000000000000046c       0x1e c:/st/stm32cubeide_1.10.0/stm32cubeide/plugins/com.st.stm32cube.ide.mcu.externaltools.gnu-tools-for-stm32.10.3-2021.10.win32_1.0.0.202111181127/tools/bin/../lib/gcc/arm-none-eabi/10.3.1/thumb/v7e-m+fp/hard\libgcc.a(_dvmd_tls.o)
 .ARM.attributes
                0x000000000000048a       0x1e c:/st/stm32cubeide_1.10.0/stm32cubeide/plugins/com.st.stm32cube.ide.mcu.externaltools.gnu-tools-for-stm32.10.3-2021.10.win32_1.0.0.202111181127/tools/bin/../lib/gcc/arm-none-eabi/10.3.1/thumb/v7e-m+fp/hard/crtn.o
OUTPUT(FOTA.elf elf32-littlearm)
LOAD linker stubs
LOAD c:/st/stm32cubeide_1.10.0/stm32cubeide/plugins/com.st.stm32cube.ide.mcu.externaltools.gnu-tools-for-stm32.10.3-2021.10.win32_1.0.0.202111181127/tools/bin/../lib/gcc/arm-none-eabi/10.3.1/../../../../arm-none-eabi/lib/thumb/v7e-m+fp/hard\libc.a
LOAD c:/st/stm32cubeide_1.10.0/stm32cubeide/plugins/com.st.stm32cube.ide.mcu.externaltools.gnu-tools-for-stm32.10.3-2021.10.win32_1.0.0.202111181127/tools/bin/../lib/gcc/arm-none-eabi/10.3.1/../../../../arm-none-eabi/lib/thumb/v7e-m+fp/hard\libm.a
LOAD c:/st/stm32cubeide_1.10.0/stm32cubeide/plugins/com.st.stm32cube.ide.mcu.externaltools.gnu-tools-for-stm32.10.3-2021.10.win32_1.0.0.202111181127/tools/bin/../lib/gcc/arm-none-eabi/10.3.1/thumb/v7e-m+fp/hard\libgcc.a

.debug_info     0x0000000000000000     0xa866
 .debug_info    0x0000000000000000      0x35b ./Core/OTALib/Flash.o
 .debug_info    0x000000000000035b      0x567 ./Core/OTALib/OTA.o
 .debug_info    0x00000000000008c2      0xb2f ./Core/OTALib/UART.o
 .debug_info    0x00000000000013f1      0xcdc ./Core/Src/main.o
 .debug_info    0x00000000000020cd      0xbdf ./Core/Src/stm32f4xx_hal_msp.o
 .debug_info    0x0000000000002cac      0x665 ./Core/Src/stm32f4xx_it.o
 .debug_info    0x0000000000003311      0x523 ./Core/Src/system_stm32f4xx.o
 .debug_info    0x0000000000003834       0x22 ./Core/Startup/startup_stm32f407vgtx.o
 .debug_info    0x0000000000003856      0x97c ./Drivers/STM32F4xx_HAL_Driver/Src/stm32f4xx_hal.o
 .debug_info    0x00000000000041d2      0xe1b ./Drivers/STM32F4xx_HAL_Driver/Src/stm32f4xx_hal_cortex.o
 .debug_info    0x0000000000004fed      0x94f ./Drivers/STM32F4xx_HAL_Driver/Src/stm32f4xx_hal_dma.o
 .debug_info    0x000000000000593c      0x5d2 ./Drivers/STM32F4xx_HAL_Driver/Src/stm32f4xx_hal_flash.o
 .debug_info    0x0000000000005f0e      0x6cc ./Drivers/STM32F4xx_HAL_Driver/Src/stm32f4xx_hal_flash_ex.o
 .debug_info    0x00000000000065da      0x76a ./Drivers/STM32F4xx_HAL_Driver/Src/stm32f4xx_hal_gpio.o
 .debug_info    0x0000000000006d44      0x966 ./Drivers/STM32F4xx_HAL_Driver/Src/stm32f4xx_hal_rcc.o
 .debug_info    0x00000000000076aa     0x31bc ./Drivers/STM32F4xx_HAL_Driver/Src/stm32f4xx_hal_uart.o

.debug_abbrev   0x0000000000000000     0x200f
 .debug_abbrev  0x0000000000000000      0x135 ./Core/OTALib/Flash.o
 .debug_abbrev  0x0000000000000135      0x213 ./Core/OTALib/OTA.o
 .debug_abbrev  0x0000000000000348      0x253 ./Core/OTALib/UART.o
 .debug_abbrev  0x000000000000059b      0x28c ./Core/Src/main.o
 .debug_abbrev  0x0000000000000827      0x1b9 ./Core/Src/stm32f4xx_hal_msp.o
 .debug_abbrev  0x00000000000009e0      0x166 ./Core/Src/stm32f4xx_it.o
 .debug_abbrev  0x0000000000000b46      0x116 ./Core/Src/system_stm32f4xx.o
 .debug_abbrev  0x0000000000000c5c       0x12 ./Core/Startup/startup_stm32f407vgtx.o
 .debug_abbrev  0x0000000000000c6e      0x20d ./Drivers/STM32F4xx_HAL_Driver/Src/stm32f4xx_hal.o
 .debug_abbrev  0x0000000000000e7b      0x316 ./Drivers/STM32F4xx_HAL_Driver/Src/stm32f4xx_hal_cortex.o
 .debug_abbrev  0x0000000000001191      0x25b ./Drivers/STM32F4xx_HAL_Driver/Src/stm32f4xx_hal_dma.o
 .debug_abbrev  0x00000000000013ec      0x281 ./Drivers/STM32F4xx_HAL_Driver/Src/stm32f4xx_hal_flash.o
 .debug_abbrev  0x000000000000166d      0x240 ./Drivers/STM32F4xx_HAL_Driver/Src/stm32f4xx_hal_flash_ex.o
 .debug_abbrev  0x00000000000018ad      0x1c4 ./Drivers/STM32F4xx_HAL_Driver/Src/stm32f4xx_hal_gpio.o
 .debug_abbrev  0x0000000000001a71      0x2aa ./Drivers/STM32F4xx_HAL_Driver/Src/stm32f4xx_hal_rcc.o
 .debug_abbrev  0x0000000000001d1b      0x2f4 ./Drivers/STM32F4xx_HAL_Driver/Src/stm32f4xx_hal_uart.o

.debug_aranges  0x0000000000000000      0x898
 .debug_aranges
                0x0000000000000000       0x38 ./Core/OTALib/Flash.o
 .debug_aranges
                0x0000000000000038       0x40 ./Core/OTALib/OTA.o
 .debug_aranges
                0x0000000000000078       0x48 ./Core/OTALib/UART.o
 .debug_aranges
                0x00000000000000c0       0x40 ./Core/Src/main.o
 .debug_aranges
                0x0000000000000100       0x30 ./Core/Src/stm32f4xx_hal_msp.o
 .debug_aranges
                0x0000000000000130       0x68 ./Core/Src/stm32f4xx_it.o
 .debug_aranges
                0x0000000000000198       0x28 ./Core/Src/system_stm32f4xx.o
 .debug_aranges
                0x00000000000001c0       0x28 ./Core/Startup/startup_stm32f407vgtx.o
 .debug_aranges
                0x00000000000001e8       0xf0 ./Drivers/STM32F4xx_HAL_Driver/Src/stm32f4xx_hal.o
 .debug_aranges
                0x00000000000002d8      0x118 ./Drivers/STM32F4xx_HAL_Driver/Src/stm32f4xx_hal_cortex.o
 .debug_aranges
                0x00000000000003f0       0x90 ./Drivers/STM32F4xx_HAL_Driver/Src/stm32f4xx_hal_dma.o
 .debug_aranges
                0x0000000000000480       0xa0 ./Drivers/STM32F4xx_HAL_Driver/Src/stm32f4xx_hal_flash.o
 .debug_aranges
                0x0000000000000520       0x98 ./Drivers/STM32F4xx_HAL_Driver/Src/stm32f4xx_hal_flash_ex.o
 .debug_aranges
                0x00000000000005b8       0x58 ./Drivers/STM32F4xx_HAL_Driver/Src/stm32f4xx_hal_gpio.o
 .debug_aranges
                0x0000000000000610       0x88 ./Drivers/STM32F4xx_HAL_Driver/Src/stm32f4xx_hal_rcc.o
 .debug_aranges
                0x0000000000000698      0x200 ./Drivers/STM32F4xx_HAL_Driver/Src/stm32f4xx_hal_uart.o

.debug_ranges   0x0000000000000000      0x7d0
 .debug_ranges  0x0000000000000000       0x28 ./Core/OTALib/Flash.o
 .debug_ranges  0x0000000000000028       0x30 ./Core/OTALib/OTA.o
 .debug_ranges  0x0000000000000058       0x38 ./Core/OTALib/UART.o
 .debug_ranges  0x0000000000000090       0x30 ./Core/Src/main.o
 .debug_ranges  0x00000000000000c0       0x20 ./Core/Src/stm32f4xx_hal_msp.o
 .debug_ranges  0x00000000000000e0       0x58 ./Core/Src/stm32f4xx_it.o
 .debug_ranges  0x0000000000000138       0x18 ./Core/Src/system_stm32f4xx.o
 .debug_ranges  0x0000000000000150       0x20 ./Core/Startup/startup_stm32f407vgtx.o
 .debug_ranges  0x0000000000000170       0xe0 ./Drivers/STM32F4xx_HAL_Driver/Src/stm32f4xx_hal.o
 .debug_ranges  0x0000000000000250      0x108 ./Drivers/STM32F4xx_HAL_Driver/Src/stm32f4xx_hal_cortex.o
 .debug_ranges  0x0000000000000358       0x80 ./Drivers/STM32F4xx_HAL_Driver/Src/stm32f4xx_hal_dma.o
 .debug_ranges  0x00000000000003d8       0x90 ./Drivers/STM32F4xx_HAL_Driver/Src/stm32f4xx_hal_flash.o
 .debug_ranges  0x0000000000000468       0x88 ./Drivers/STM32F4xx_HAL_Driver/Src/stm32f4xx_hal_flash_ex.o
 .debug_ranges  0x00000000000004f0       0x48 ./Drivers/STM32F4xx_HAL_Driver/Src/stm32f4xx_hal_gpio.o
 .debug_ranges  0x0000000000000538       0x78 ./Drivers/STM32F4xx_HAL_Driver/Src/stm32f4xx_hal_rcc.o
 .debug_ranges  0x00000000000005b0      0x220 ./Drivers/STM32F4xx_HAL_Driver/Src/stm32f4xx_hal_uart.o

.debug_macro    0x0000000000000000    0x21023
 .debug_macro   0x0000000000000000      0x292 ./Core/OTALib/Flash.o
 .debug_macro   0x0000000000000292      0xa78 ./Core/OTALib/Flash.o
 .debug_macro   0x0000000000000d0a       0x22 ./Core/OTALib/Flash.o
 .debug_macro   0x0000000000000d2c       0x8e ./Core/OTALib/Flash.o
 .debug_macro   0x0000000000000dba       0x51 ./Core/OTALib/Flash.o
 .debug_macro   0x0000000000000e0b      0x103 ./Core/OTALib/Flash.o
 .debug_macro   0x0000000000000f0e       0x6a ./Core/OTALib/Flash.o
 .debug_macro   0x0000000000000f78      0x1df ./Core/OTALib/Flash.o
 .debug_macro   0x0000000000001157       0x52 ./Core/OTALib/Flash.o
 .debug_macro   0x00000000000011a9       0x1e ./Core/OTALib/Flash.o
 .debug_macro   0x00000000000011c7       0x3c ./Core/OTALib/Flash.o
 .debug_macro   0x0000000000001203       0x34 ./Core/OTALib/Flash.o
 .debug_macro   0x0000000000001237      0x174 ./Core/OTALib/Flash.o
 .debug_macro   0x00000000000013ab       0x16 ./Core/OTALib/Flash.o
 .debug_macro   0x00000000000013c1       0x43 ./Core/OTALib/Flash.o
 .debug_macro   0x0000000000001404       0x34 ./Core/OTALib/Flash.o
 .debug_macro   0x0000000000001438       0x10 ./Core/OTALib/Flash.o
 .debug_macro   0x0000000000001448       0x58 ./Core/OTALib/Flash.o
 .debug_macro   0x00000000000014a0       0x71 ./Core/OTALib/Flash.o
 .debug_macro   0x0000000000001511       0x1c ./Core/OTALib/Flash.o
 .debug_macro   0x000000000000152d      0x12a ./Core/OTALib/Flash.o
 .debug_macro   0x0000000000001657      0x341 ./Core/OTALib/Flash.o
 .debug_macro   0x0000000000001998       0x10 ./Core/OTALib/Flash.o
 .debug_macro   0x00000000000019a8       0x35 ./Core/OTALib/Flash.o
 .debug_macro   0x00000000000019dd       0x20 ./Core/OTALib/Flash.o
 .debug_macro   0x00000000000019fd       0x2e ./Core/OTALib/Flash.o
 .debug_macro   0x0000000000001a2b       0x2f ./Core/OTALib/Flash.o
 .debug_macro   0x0000000000001a5a       0x1c ./Core/OTALib/Flash.o
 .debug_macro   0x0000000000001a76       0x22 ./Core/OTALib/Flash.o
 .debug_macro   0x0000000000001a98       0xd9 ./Core/OTALib/Flash.o
 .debug_macro   0x0000000000001b71     0x102d ./Core/OTALib/Flash.o
 .debug_macro   0x0000000000002b9e      0x11f ./Core/OTALib/Flash.o
 .debug_macro   0x0000000000002cbd    0x15e82 ./Core/OTALib/Flash.o
 .debug_macro   0x0000000000018b3f       0x6d ./Core/OTALib/Flash.o
 .debug_macro   0x0000000000018bac      0x295 ./Core/OTALib/Flash.o
 .debug_macro   0x0000000000018e41     0x367e ./Core/OTALib/Flash.o
 .debug_macro   0x000000000001c4bf       0x56 ./Core/OTALib/Flash.o
 .debug_macro   0x000000000001c515      0x96b ./Core/OTALib/Flash.o
 .debug_macro   0x000000000001ce80      0x9fe ./Core/OTALib/Flash.o
 .debug_macro   0x000000000001d87e      0x115 ./Core/OTALib/Flash.o
 .debug_macro   0x000000000001d993      0x13e ./Core/OTALib/Flash.o
 .debug_macro   0x000000000001dad1       0xa5 ./Core/OTALib/Flash.o
 .debug_macro   0x000000000001db76      0x174 ./Core/OTALib/Flash.o
 .debug_macro   0x000000000001dcea      0x287 ./Core/OTALib/Flash.o
 .debug_macro   0x000000000001df71       0x5f ./Core/OTALib/Flash.o
 .debug_macro   0x000000000001dfd0      0x236 ./Core/OTALib/Flash.o
 .debug_macro   0x000000000001e206      0x12c ./Core/OTALib/Flash.o
 .debug_macro   0x000000000001e332      0x21e ./Core/OTALib/Flash.o
 .debug_macro   0x000000000001e550       0x2e ./Core/OTALib/Flash.o
 .debug_macro   0x000000000001e57e      0x11a ./Core/OTALib/Flash.o
 .debug_macro   0x000000000001e698       0x7e ./Core/OTALib/Flash.o
 .debug_macro   0x000000000001e716       0x89 ./Core/OTALib/Flash.o
 .debug_macro   0x000000000001e79f      0x295 ./Core/OTALib/Flash.o
 .debug_macro   0x000000000001ea34      0x12d ./Core/OTALib/Flash.o
 .debug_macro   0x000000000001eb61      0x386 ./Core/OTALib/OTA.o
 .debug_macro   0x000000000001eee7       0x22 ./Core/OTALib/OTA.o
 .debug_macro   0x000000000001ef09       0x1c ./Core/OTALib/OTA.o
 .debug_macro   0x000000000001ef25       0x10 ./Core/OTALib/OTA.o
 .debug_macro   0x000000000001ef35       0x10 ./Core/OTALib/OTA.o
 .debug_macro   0x000000000001ef45       0x1c ./Core/OTALib/OTA.o
 .debug_macro   0x000000000001ef61       0x52 ./Core/OTALib/OTA.o
 .debug_macro   0x000000000001efb3       0x22 ./Core/OTALib/OTA.o
 .debug_macro   0x000000000001efd5       0x10 ./Core/OTALib/OTA.o
 .debug_macro   0x000000000001efe5       0x52 ./Core/OTALib/OTA.o
 .debug_macro   0x000000000001f037       0xd5 ./Core/OTALib/OTA.o
 .debug_macro   0x000000000001f10c       0x1c ./Core/OTALib/OTA.o
 .debug_macro   0x000000000001f128       0x3d ./Core/OTALib/OTA.o
 .debug_macro   0x000000000001f165       0x16 ./Core/OTALib/OTA.o
 .debug_macro   0x000000000001f17b      0x145 ./Core/OTALib/OTA.o
 .debug_macro   0x000000000001f2c0       0x16 ./Core/OTALib/OTA.o
 .debug_macro   0x000000000001f2d6       0x2e ./Core/OTALib/OTA.o
 .debug_macro   0x000000000001f304      0x398 ./Core/OTALib/UART.o
 .debug_macro   0x000000000001f69c       0x16 ./Core/OTALib/UART.o
 .debug_macro   0x000000000001f6b2       0x97 ./Core/OTALib/UART.o
 .debug_macro   0x000000000001f749       0xfd ./Core/OTALib/UART.o
 .debug_macro   0x000000000001f846       0x10 ./Core/OTALib/UART.o
 .debug_macro   0x000000000001f856       0x16 ./Core/OTALib/UART.o
 .debug_macro   0x000000000001f86c      0x398 ./Core/Src/main.o
 .debug_macro   0x000000000001fc04       0x5c ./Core/Src/main.o
 .debug_macro   0x000000000001fc60      0x1c9 ./Core/Src/stm32f4xx_hal_msp.o
 .debug_macro   0x000000000001fe29      0x1d3 ./Core/Src/stm32f4xx_it.o
 .debug_macro   0x000000000001fffc      0x1ba ./Core/Src/system_stm32f4xx.o
 .debug_macro   0x00000000000201b6      0x21a ./Drivers/STM32F4xx_HAL_Driver/Src/stm32f4xx_hal.o
 .debug_macro   0x00000000000203d0      0x1ba ./Drivers/STM32F4xx_HAL_Driver/Src/stm32f4xx_hal_cortex.o
 .debug_macro   0x000000000002058a      0x1c0 ./Drivers/STM32F4xx_HAL_Driver/Src/stm32f4xx_hal_dma.o
 .debug_macro   0x000000000002074a      0x1c0 ./Drivers/STM32F4xx_HAL_Driver/Src/stm32f4xx_hal_flash.o
 .debug_macro   0x000000000002090a      0x1c0 ./Drivers/STM32F4xx_HAL_Driver/Src/stm32f4xx_hal_flash_ex.o
 .debug_macro   0x0000000000020aca      0x1c0 ./Drivers/STM32F4xx_HAL_Driver/Src/stm32f4xx_hal_gpio.o
 .debug_macro   0x0000000000020c8a      0x1de ./Drivers/STM32F4xx_HAL_Driver/Src/stm32f4xx_hal_rcc.o
 .debug_macro   0x0000000000020e68      0x1bb ./Drivers/STM32F4xx_HAL_Driver/Src/stm32f4xx_hal_uart.o

.debug_line     0x0000000000000000     0xb8a6
 .debug_line    0x0000000000000000      0x955 ./Core/OTALib/Flash.o
 .debug_line    0x0000000000000955      0xa95 ./Core/OTALib/OTA.o
 .debug_line    0x00000000000013ea      0xa8c ./Core/OTALib/UART.o
 .debug_line    0x0000000000001e76      0x9f1 ./Core/Src/main.o
 .debug_line    0x0000000000002867      0x6da ./Core/Src/stm32f4xx_hal_msp.o
 .debug_line    0x0000000000002f41      0x765 ./Core/Src/stm32f4xx_it.o
 .debug_line    0x00000000000036a6      0x70c ./Core/Src/system_stm32f4xx.o
 .debug_line    0x0000000000003db2       0x88 ./Core/Startup/startup_stm32f407vgtx.o
 .debug_line    0x0000000000003e3a      0x972 ./Drivers/STM32F4xx_HAL_Driver/Src/stm32f4xx_hal.o
 .debug_line    0x00000000000047ac      0xc21 ./Drivers/STM32F4xx_HAL_Driver/Src/stm32f4xx_hal_cortex.o
 .debug_line    0x00000000000053cd      0xed6 ./Drivers/STM32F4xx_HAL_Driver/Src/stm32f4xx_hal_dma.o
 .debug_line    0x00000000000062a3      0x9fa ./Drivers/STM32F4xx_HAL_Driver/Src/stm32f4xx_hal_flash.o
 .debug_line    0x0000000000006c9d      0xa20 ./Drivers/STM32F4xx_HAL_Driver/Src/stm32f4xx_hal_flash_ex.o
 .debug_line    0x00000000000076bd      0xae6 ./Drivers/STM32F4xx_HAL_Driver/Src/stm32f4xx_hal_gpio.o
 .debug_line    0x00000000000081a3      0xcec ./Drivers/STM32F4xx_HAL_Driver/Src/stm32f4xx_hal_rcc.o
 .debug_line    0x0000000000008e8f     0x2a17 ./Drivers/STM32F4xx_HAL_Driver/Src/stm32f4xx_hal_uart.o

.debug_str      0x0000000000000000    0xc2f6a
 .debug_str     0x0000000000000000    0xbf398 ./Core/OTALib/Flash.o
                                      0xbf636 (size before relaxing)
 .debug_str     0x00000000000bf398     0x1232 ./Core/OTALib/OTA.o
                                      0xc06fc (size before relaxing)
 .debug_str     0x00000000000c05ca      0x537 ./Core/OTALib/UART.o
                                      0xc0bba (size before relaxing)
 .debug_str     0x00000000000c0b01      0x360 ./Core/Src/main.o
                                      0xc0d8e (size before relaxing)
 .debug_str     0x00000000000c0e61      0x577 ./Core/Src/stm32f4xx_hal_msp.o
                                      0xbd1aa (size before relaxing)
 .debug_str     0x00000000000c13d8       0xef ./Core/Src/stm32f4xx_it.o
                                      0xbcb8d (size before relaxing)
 .debug_str     0x00000000000c14c7       0x87 ./Core/Src/system_stm32f4xx.o
                                      0xbc805 (size before relaxing)
 .debug_str     0x00000000000c154e       0x61 ./Core/Startup/startup_stm32f407vgtx.o
 .debug_str     0x00000000000c15af      0x617 ./Drivers/STM32F4xx_HAL_Driver/Src/stm32f4xx_hal.o
                                      0xbd389 (size before relaxing)
 .debug_str     0x00000000000c1bc6      0x327 ./Drivers/STM32F4xx_HAL_Driver/Src/stm32f4xx_hal_cortex.o
                                      0xbd0bc (size before relaxing)
 .debug_str     0x00000000000c1eed      0x322 ./Drivers/STM32F4xx_HAL_Driver/Src/stm32f4xx_hal_dma.o
                                      0xbcc1f (size before relaxing)
 .debug_str     0x00000000000c220f      0x27e ./Drivers/STM32F4xx_HAL_Driver/Src/stm32f4xx_hal_flash.o
                                      0xbc9f5 (size before relaxing)
 .debug_str     0x00000000000c248d      0x1dd ./Drivers/STM32F4xx_HAL_Driver/Src/stm32f4xx_hal_flash_ex.o
                                      0xbca45 (size before relaxing)
 .debug_str     0x00000000000c266a      0x121 ./Drivers/STM32F4xx_HAL_Driver/Src/stm32f4xx_hal_gpio.o
                                      0xbc980 (size before relaxing)
 .debug_str     0x00000000000c278b      0x228 ./Drivers/STM32F4xx_HAL_Driver/Src/stm32f4xx_hal_rcc.o
                                      0xbcc39 (size before relaxing)
 .debug_str     0x00000000000c29b3      0x5b7 ./Drivers/STM32F4xx_HAL_Driver/Src/stm32f4xx_hal_uart.o
                                      0xbd1d8 (size before relaxing)

.comment        0x0000000000000000       0x50
 .comment       0x0000000000000000       0x50 ./Core/OTALib/Flash.o
                                         0x51 (size before relaxing)
 .comment       0x0000000000000050       0x51 ./Core/OTALib/OTA.o
 .comment       0x0000000000000050       0x51 ./Core/OTALib/UART.o
 .comment       0x0000000000000050       0x51 ./Core/Src/main.o
 .comment       0x0000000000000050       0x51 ./Core/Src/stm32f4xx_hal_msp.o
 .comment       0x0000000000000050       0x51 ./Core/Src/stm32f4xx_it.o
 .comment       0x0000000000000050       0x51 ./Core/Src/system_stm32f4xx.o
 .comment       0x0000000000000050       0x51 ./Drivers/STM32F4xx_HAL_Driver/Src/stm32f4xx_hal.o
 .comment       0x0000000000000050       0x51 ./Drivers/STM32F4xx_HAL_Driver/Src/stm32f4xx_hal_cortex.o
 .comment       0x0000000000000050       0x51 ./Drivers/STM32F4xx_HAL_Driver/Src/stm32f4xx_hal_dma.o
 .comment       0x0000000000000050       0x51 ./Drivers/STM32F4xx_HAL_Driver/Src/stm32f4xx_hal_flash.o
 .comment       0x0000000000000050       0x51 ./Drivers/STM32F4xx_HAL_Driver/Src/stm32f4xx_hal_flash_ex.o
 .comment       0x0000000000000050       0x51 ./Drivers/STM32F4xx_HAL_Driver/Src/stm32f4xx_hal_gpio.o
 .comment       0x0000000000000050       0x51 ./Drivers/STM32F4xx_HAL_Driver/Src/stm32f4xx_hal_rcc.o
 .comment       0x0000000000000050       0x51 ./Drivers/STM32F4xx_HAL_Driver/Src/stm32f4xx_hal_uart.o

.debug_frame    0x0000000000000000     0x2140
 .debug_frame   0x0000000000000000       0xac ./Core/OTALib/Flash.o
 .debug_frame   0x00000000000000ac       0xb8 ./Core/OTALib/OTA.o
 .debug_frame   0x0000000000000164       0xe0 ./Core/OTALib/UART.o
 .debug_frame   0x0000000000000244       0xac ./Core/Src/main.o
 .debug_frame   0x00000000000002f0       0x80 ./Core/Src/stm32f4xx_hal_msp.o
 .debug_frame   0x0000000000000370      0x120 ./Core/Src/stm32f4xx_it.o
 .debug_frame   0x0000000000000490       0x58 ./Core/Src/system_stm32f4xx.o
 .debug_frame   0x00000000000004e8      0x374 ./Drivers/STM32F4xx_HAL_Driver/Src/stm32f4xx_hal.o
 .debug_frame   0x000000000000085c      0x498 ./Drivers/STM32F4xx_HAL_Driver/Src/stm32f4xx_hal_cortex.o
 .debug_frame   0x0000000000000cf4      0x250 ./Drivers/STM32F4xx_HAL_Driver/Src/stm32f4xx_hal_dma.o
 .debug_frame   0x0000000000000f44      0x274 ./Drivers/STM32F4xx_HAL_Driver/Src/stm32f4xx_hal_flash.o
 .debug_frame   0x00000000000011b8      0x250 ./Drivers/STM32F4xx_HAL_Driver/Src/stm32f4xx_hal_flash_ex.o
 .debug_frame   0x0000000000001408      0x14c ./Drivers/STM32F4xx_HAL_Driver/Src/stm32f4xx_hal_gpio.o
 .debug_frame   0x0000000000001554      0x1f4 ./Drivers/STM32F4xx_HAL_Driver/Src/stm32f4xx_hal_rcc.o
 .debug_frame   0x0000000000001748      0x92c ./Drivers/STM32F4xx_HAL_Driver/Src/stm32f4xx_hal_uart.o
 .debug_frame   0x0000000000002074       0x2c c:/st/stm32cubeide_1.10.0/stm32cubeide/plugins/com.st.stm32cube.ide.mcu.externaltools.gnu-tools-for-stm32.10.3-2021.10.win32_1.0.0.202111181127/tools/bin/../lib/gcc/arm-none-eabi/10.3.1/../../../../arm-none-eabi/lib/thumb/v7e-m+fp/hard\libc_nano.a(lib_a-init.o)
 .debug_frame   0x00000000000020a0       0x20 c:/st/stm32cubeide_1.10.0/stm32cubeide/plugins/com.st.stm32cube.ide.mcu.externaltools.gnu-tools-for-stm32.10.3-2021.10.win32_1.0.0.202111181127/tools/bin/../lib/gcc/arm-none-eabi/10.3.1/../../../../arm-none-eabi/lib/thumb/v7e-m+fp/hard\libc_nano.a(lib_a-memset.o)
 .debug_frame   0x00000000000020c0       0x20 c:/st/stm32cubeide_1.10.0/stm32cubeide/plugins/com.st.stm32cube.ide.mcu.externaltools.gnu-tools-for-stm32.10.3-2021.10.win32_1.0.0.202111181127/tools/bin/../lib/gcc/arm-none-eabi/10.3.1/../../../../arm-none-eabi/lib/thumb/v7e-m+fp/hard\libc_nano.a(lib_a-strcmp.o)
 .debug_frame   0x00000000000020e0       0x2c c:/st/stm32cubeide_1.10.0/stm32cubeide/plugins/com.st.stm32cube.ide.mcu.externaltools.gnu-tools-for-stm32.10.3-2021.10.win32_1.0.0.202111181127/tools/bin/../lib/gcc/arm-none-eabi/10.3.1/thumb/v7e-m+fp/hard\libgcc.a(_aeabi_uldivmod.o)
 .debug_frame   0x000000000000210c       0x34 c:/st/stm32cubeide_1.10.0/stm32cubeide/plugins/com.st.stm32cube.ide.mcu.externaltools.gnu-tools-for-stm32.10.3-2021.10.win32_1.0.0.202111181127/tools/bin/../lib/gcc/arm-none-eabi/10.3.1/thumb/v7e-m+fp/hard\libgcc.a(_udivmoddi4.o)
