07:49:47 **** Incremental Build of configuration Debug for project Application ****
make -j12 all 
arm-none-eabi-gcc "../Core/Src/main.c" -mcpu=cortex-m4 -std=gnu11 -g3 -DDEBUG -DUSE_HAL_DRIVER -DSTM32F407xx -c -I../Core/Inc -I../Drivers/STM32F4xx_HAL_Driver/Inc -I../Drivers/STM32F4xx_HAL_Driver/Inc/Legacy -I../Drivers/CMSIS/Device/ST/STM32F4xx/Include -I../Drivers/CMSIS/Include -O0 -ffunction-sections -fdata-sections -Wall -fstack-usage -MMD -MP -MF"Core/Src/main.d" -MT"Core/Src/main.o" --specs=nano.specs -mfpu=fpv4-sp-d16 -mfloat-abi=hard -mthumb -o "Core/Src/main.o"
arm-none-eabi-gcc -o "Application.elf" @"objects.list"   -mcpu=cortex-m4 -T"C:\Users\NCPC\Desktop\Danh\FOTA\Firmware\STM32F407VGTX_FLASH.ld" --specs=nosys.specs -Wl,-Map="Application.map" -Wl,--gc-sections -static --specs=nano.specs -mfpu=fpv4-sp-d16 -mfloat-abi=hard -mthumb -Wl,--start-group -lc -lm -Wl,--end-group
Finished building target: Application.elf
 
arm-none-eabi-size   Application.elf 
arm-none-eabi-objdump -h -S  Application.elf  > "Application.list"
arm-none-eabi-objcopy  -O ihex  Application.elf  "Application.hex"
   text	   data	    bss	    dec	    hex	filename
  12664	     20	   1724	  14408	   3848	Application.elf
arm-none-eabi-objcopy  -O binary  Application.elf  "Application.bin"
Finished building: default.size.stdout
 
Finished building: Application.hex
Finished building: Application.bin
 
 
Finished building: Application.list
 

07:49:48 Build Finished. 0 errors, 0 warnings. (took 534ms)

